[    0.000000] Linux version 4.15.0-206-generic (buildd@lcy02-amd64-070) (gcc version 7.5.0 (Ubuntu 7.5.0-3ubuntu1~18.04)) #217-Ubuntu SMP Fri Feb 3 19:10:13 UTC 2023 (Ubuntu 4.15.0-206.217-generic 4.15.18)
[    0.000000] Command line: BOOT_IMAGE=/boot/vmlinuz-4.15.0-206-generic root=LABEL=cloudimg-rootfs ro console=tty1 console=ttyS0
[    0.000000] KERNEL supported cpus:
[    0.000000]   Intel GenuineIntel
[    0.000000]   AMD AuthenticAMD
[    0.000000]   Centaur CentaurHauls
[    0.000000] [Firmware Bug]: TSC doesn't count with P0 frequency!
[    0.000000] x86/fpu: Supporting XSAVE feature 0x001: 'x87 floating point registers'
[    0.000000] x86/fpu: Supporting XSAVE feature 0x002: 'SSE registers'
[    0.000000] x86/fpu: Supporting XSAVE feature 0x004: 'AVX registers'
[    0.000000] x86/fpu: xstate_offset[2]:  576, xstate_sizes[2]:  256
[    0.000000] x86/fpu: Enabled xstate features 0x7, context size is 832 bytes, using 'standard' format.
[    0.000000] e820: BIOS-provided physical RAM map:
[    0.000000] BIOS-e820: [mem 0x0000000000000000-0x000000000009fbff] usable
[    0.000000] BIOS-e820: [mem 0x000000000009fc00-0x000000000009ffff] reserved
[    0.000000] BIOS-e820: [mem 0x00000000000f0000-0x00000000000fffff] reserved
[    0.000000] BIOS-e820: [mem 0x0000000000100000-0x000000003ffeffff] usable
[    0.000000] BIOS-e820: [mem 0x000000003fff0000-0x000000003fffffff] ACPI data
[    0.000000] BIOS-e820: [mem 0x00000000fec00000-0x00000000fec00fff] reserved
[    0.000000] BIOS-e820: [mem 0x00000000fee00000-0x00000000fee00fff] reserved
[    0.000000] BIOS-e820: [mem 0x00000000fffc0000-0x00000000ffffffff] reserved
[    0.000000] NX (Execute Disable) protection: active
[    0.000000] SMBIOS 2.5 present.
[    0.000000] DMI: innotek GmbH VirtualBox/VirtualBox, BIOS VirtualBox 12/01/2006
[    0.000000] Hypervisor detected: KVM
[    0.000000] e820: last_pfn = 0x3fff0 max_arch_pfn = 0x400000000
[    0.000000] MTRR: Disabled
[    0.000000] x86/PAT: MTRRs disabled, skipping PAT initialization too.
[    0.000000] CPU MTRRs all blank - virtualized system.
[    0.000000] x86/PAT: Configuration [0-7]: WB  WT  UC- UC  WB  WT  UC- UC  
[    0.000000] found SMP MP-table at [mem 0x0009fff0-0x0009ffff]
[    0.000000] Scanning 1 areas for low memory corruption
[    0.000000] RAMDISK: [mem 0x359c9000-0x36cdbfff]
[    0.000000] ACPI: Early table checksum verification disabled
[    0.000000] ACPI: RSDP 0x00000000000E0000 000024 (v02 VBOX  )
[    0.000000] ACPI: XSDT 0x000000003FFF0030 00003C (v01 VBOX   VBOXXSDT 00000001 ASL  00000061)
[    0.000000] ACPI: FACP 0x000000003FFF00F0 0000F4 (v04 VBOX   VBOXFACP 00000001 ASL  00000061)
[    0.000000] ACPI: DSDT 0x000000003FFF0610 002353 (v02 VBOX   VBOXBIOS 00000002 INTL 20100528)
[    0.000000] ACPI: FACS 0x000000003FFF0200 000040
[    0.000000] ACPI: FACS 0x000000003FFF0200 000040
[    0.000000] ACPI: APIC 0x000000003FFF0240 00005C (v02 VBOX   VBOXAPIC 00000001 ASL  00000061)
[    0.000000] ACPI: SSDT 0x000000003FFF02A0 00036C (v01 VBOX   VBOXCPUT 00000002 INTL 20100528)
[    0.000000] ACPI: Reserving FACP table memory at [mem 0x3fff00f0-0x3fff01e3]
[    0.000000] ACPI: Reserving DSDT table memory at [mem 0x3fff0610-0x3fff2962]
[    0.000000] ACPI: Reserving FACS table memory at [mem 0x3fff0200-0x3fff023f]
[    0.000000] ACPI: Reserving FACS table memory at [mem 0x3fff0200-0x3fff023f]
[    0.000000] ACPI: Reserving APIC table memory at [mem 0x3fff0240-0x3fff029b]
[    0.000000] ACPI: Reserving SSDT table memory at [mem 0x3fff02a0-0x3fff060b]
[    0.000000] No NUMA configuration found
[    0.000000] Faking a node at [mem 0x0000000000000000-0x000000003ffeffff]
[    0.000000] NODE_DATA(0) allocated [mem 0x3ffc5000-0x3ffeffff]
[    0.000000] kvm-clock: cpu 0, msr 0:3ff44001, primary cpu clock
[    0.000000] kvm-clock: Using msrs 4b564d01 and 4b564d00
[    0.000000] kvm-clock: using sched offset of 3244577452 cycles
[    0.000000] clocksource: kvm-clock: mask: 0xffffffffffffffff max_cycles: 0x1cd42e4dffb, max_idle_ns: 881590591483 ns
[    0.000000] Zone ranges:
[    0.000000]   DMA      [mem 0x0000000000001000-0x0000000000ffffff]
[    0.000000]   DMA32    [mem 0x0000000001000000-0x000000003ffeffff]
[    0.000000]   Normal   empty
[    0.000000]   Device   empty
[    0.000000] Movable zone start for each node
[    0.000000] Early memory node ranges
[    0.000000]   node   0: [mem 0x0000000000001000-0x000000000009efff]
[    0.000000]   node   0: [mem 0x0000000000100000-0x000000003ffeffff]
[    0.000000] Reserved but unavailable: 104 pages
[    0.000000] Initmem setup node 0 [mem 0x0000000000001000-0x000000003ffeffff]
[    0.000000] ACPI: PM-Timer IO Port: 0x4008
[    0.000000] IOAPIC[0]: apic_id 2, version 32, address 0xfec00000, GSI 0-23
[    0.000000] ACPI: INT_SRC_OVR (bus 0 bus_irq 0 global_irq 2 dfl dfl)
[    0.000000] ACPI: INT_SRC_OVR (bus 0 bus_irq 9 global_irq 9 low level)
[    0.000000] Using ACPI (MADT) for SMP configuration information
[    0.000000] smpboot: Allowing 2 CPUs, 0 hotplug CPUs
[    0.000000] PM: Registered nosave memory: [mem 0x00000000-0x00000fff]
[    0.000000] PM: Registered nosave memory: [mem 0x0009f000-0x0009ffff]
[    0.000000] PM: Registered nosave memory: [mem 0x000a0000-0x000effff]
[    0.000000] PM: Registered nosave memory: [mem 0x000f0000-0x000fffff]
[    0.000000] e820: [mem 0x40000000-0xfebfffff] available for PCI devices
[    0.000000] Booting paravirtualized kernel on KVM
[    0.000000] clocksource: refined-jiffies: mask: 0xffffffff max_cycles: 0xffffffff, max_idle_ns: 7645519600211568 ns
[    0.000000] setup_percpu: NR_CPUS:8192 nr_cpumask_bits:2 nr_cpu_ids:2 nr_node_ids:1
[    0.000000] percpu: Embedded 50 pages/cpu s167936 r8192 d28672 u1048576
[    0.000000] PV qspinlock hash table entries: 256 (order: 0, 4096 bytes)
[    0.000000] Built 1 zonelists, mobility grouping on.  Total pages: 257913
[    0.000000] Policy zone: DMA32
[    0.000000] Kernel command line: BOOT_IMAGE=/boot/vmlinuz-4.15.0-206-generic root=LABEL=cloudimg-rootfs ro console=tty1 console=ttyS0
[    0.000000] Memory: 982640K/1048120K available (12300K kernel code, 2477K rwdata, 4324K rodata, 2480K init, 2720K bss, 65480K reserved, 0K cma-reserved)
[    0.000000] SLUB: HWalign=64, Order=0-3, MinObjects=0, CPUs=2, Nodes=1
[    0.000000] ftrace: allocating 39485 entries in 155 pages
[    0.004000] Hierarchical RCU implementation.
[    0.004000] 	RCU restricting CPUs from NR_CPUS=8192 to nr_cpu_ids=2.
[    0.004000] 	Tasks RCU enabled.
[    0.004000] RCU: Adjusting geometry for rcu_fanout_leaf=16, nr_cpu_ids=2
[    0.004000] NR_IRQS: 524544, nr_irqs: 440, preallocated irqs: 16
[    0.004000] random: crng init done
[    0.004000] Console: colour VGA+ 80x25
[    0.004000] console [tty1] enabled
[    0.004000] console [ttyS0] enabled
[    0.004000] ACPI: Core revision 20170831
[    0.004000] ACPI: 2 ACPI AML tables successfully acquired and loaded
[    0.004000] APIC: Switch to symmetric I/O mode setup
[    0.004000] x2apic enabled
[    0.004000] Switched APIC routing to physical x2apic.
[    0.004000] ..TIMER: vector=0x30 apic1=0 pin1=2 apic2=-1 pin2=-1
[    0.004000] tsc: Detected 3600.004 MHz processor
[    0.004000] Calibrating delay loop (skipped) preset value.. 7200.00 BogoMIPS (lpj=14400016)
[    0.004000] pid_max: default: 32768 minimum: 301
[    0.004000] Security Framework initialized
[    0.004000] Yama: becoming mindful.
[    0.004000] AppArmor: AppArmor initialized
[    0.004000] Dentry cache hash table entries: 131072 (order: 8, 1048576 bytes)
[    0.004000] Inode-cache hash table entries: 65536 (order: 7, 524288 bytes)
[    0.004000] Mount-cache hash table entries: 2048 (order: 2, 16384 bytes)
[    0.004005] Mountpoint-cache hash table entries: 2048 (order: 2, 16384 bytes)
[    0.004719] Last level iTLB entries: 4KB 1024, 2MB 1024, 4MB 512
[    0.008001] Last level dTLB entries: 4KB 2048, 2MB 2048, 4MB 1024, 1GB 0
[    0.008500] Spectre V1 : Mitigation: usercopy/swapgs barriers and __user pointer sanitization
[    0.009152] Spectre V2 : Mitigation: Retpolines
[    0.009504] Spectre V2 : Spectre v2 / SpectreRSB mitigation: Filling RSB on context switch
[    0.010122] Spectre V2 : Spectre v2 / SpectreRSB : Filling RSB on VMEXIT
[    0.010620] RETBleed: Vulnerable
[    0.011023] Freeing SMP alternatives memory: 36K
[    0.120867] smpboot: CPU0: AMD Ryzen 5 3600 6-Core Processor (family: 0x17, model: 0x71, stepping: 0x0)
[    0.121607] Performance Events: PMU not available due to virtualization, using software events only.
[    0.122313] Hierarchical SRCU implementation.
[    0.123037] NMI watchdog: Perf event create on CPU 0 failed with -2
[    0.123521] NMI watchdog: Perf NMI watchdog permanently disabled
[    0.123989] smp: Bringing up secondary CPUs ...
[    0.124000] x86: Booting SMP configuration:
[    0.124000] .... node  #0, CPUs:      #1
[    0.004000] kvm-clock: cpu 1, msr 0:3ff44041, secondary cpu clock
[    0.126576] smp: Brought up 1 node, 2 CPUs
[    0.126576] smpboot: Max logical packages: 1
[    0.126576] smpboot: Total of 2 processors activated (14400.01 BogoMIPS)
[    0.126576] devtmpfs: initialized
[    0.126576] x86/mm: Memory block size: 128MB
[    0.126576] evm: security.selinux
[    0.126576] evm: security.SMACK64
[    0.126576] evm: security.SMACK64EXEC
[    0.126576] evm: security.SMACK64TRANSMUTE
[    0.126576] evm: security.SMACK64MMAP
[    0.126576] evm: security.apparmor
[    0.126655] evm: security.ima
[    0.128002] evm: security.capability
[    0.128320] clocksource: jiffies: mask: 0xffffffff max_cycles: 0xffffffff, max_idle_ns: 7645041785100000 ns
[    0.128768] futex hash table entries: 512 (order: 3, 32768 bytes)
[    0.129427] pinctrl core: initialized pinctrl subsystem
[    0.129899] RTC time: 18:05:16, date: 03/06/23
[    0.130367] NET: Registered protocol family 16
[    0.130775] audit: initializing netlink subsys (disabled)
[    0.132014] audit: type=2000 audit(1678125921.622:1): state=initialized audit_enabled=0 res=1
[    0.132077] cpuidle: using governor ladder
[    0.132357] cpuidle: using governor menu
[    0.136011] ACPI: bus type PCI registered
[    0.136337] acpiphp: ACPI Hot Plug PCI Controller Driver version: 0.5
[    0.136852] PCI: Using configuration type 1 for base access
[    0.137284] PCI: Using configuration type 1 for extended access
[    0.137745] HugeTLB registered 2.00 MiB page size, pre-allocated 0 pages
[    0.137745] ACPI: Added _OSI(Module Device)
[    0.137745] ACPI: Added _OSI(Processor Device)
[    0.137745] ACPI: Added _OSI(3.0 _SCP Extensions)
[    0.140005] ACPI: Added _OSI(Processor Aggregator Device)
[    0.140416] ACPI: Added _OSI(Linux-Dell-Video)
[    0.140765] ACPI: Added _OSI(Linux-Lenovo-NV-HDMI-Audio)
[    0.141166] ACPI: Added _OSI(Linux-HPI-Hybrid-Graphics)
[    0.141678] ACPI: Executed 1 blocks of module-level executable AML code
[    0.144509] ACPI: Interpreter enabled
[    0.144819] ACPI: (supports S0 S5)
[    0.145097] ACPI: Using IOAPIC for interrupt routing
[    0.145646] PCI: Using host bridge windows from ACPI; if necessary, use "pci=nocrs" and report a bug
[    0.146421] ACPI: Enabled 2 GPEs in block 00 to 07
[    0.150396] ACPI: PCI Root Bridge [PCI0] (domain 0000 [bus 00-ff])
[    0.150864] acpi PNP0A03:00: _OSC: OS supports [ExtendedConfig ASPM ClockPM Segments MSI]
[    0.152147] acpi PNP0A03:00: _OSC: platform does not support [PCIeCapability]
[    0.153005] acpi PNP0A03:00: _OSC: not requesting control; platform does not support [PCIeCapability]
[    0.153703] acpi PNP0A03:00: _OSC: OS requested [PCIeHotplug PME AER PCIeCapability]
[    0.154311] acpi PNP0A03:00: _OSC: platform willing to grant [PCIeHotplug PME AER]
[    0.154908] acpi PNP0A03:00: _OSC failed (AE_SUPPORT); disabling ASPM
[    0.155580] PCI host bridge to bus 0000:00
[    0.156002] pci_bus 0000:00: root bus resource [io  0x0000-0x0cf7 window]
[    0.156498] pci_bus 0000:00: root bus resource [io  0x0d00-0xffff window]
[    0.156991] pci_bus 0000:00: root bus resource [mem 0x000a0000-0x000bffff window]
[    0.157556] pci_bus 0000:00: root bus resource [mem 0x40000000-0xfdffffff window]
[    0.158128] pci_bus 0000:00: root bus resource [bus 00-ff]
[    0.159340] pci 0000:00:01.1: legacy IDE quirk: reg 0x10: [io  0x01f0-0x01f7]
[    0.160001] pci 0000:00:01.1: legacy IDE quirk: reg 0x14: [io  0x03f6]
[    0.160499] pci 0000:00:01.1: legacy IDE quirk: reg 0x18: [io  0x0170-0x0177]
[    0.161018] pci 0000:00:01.1: legacy IDE quirk: reg 0x1c: [io  0x0376]
[    0.166821] pci 0000:00:07.0: quirk: [io  0x4000-0x403f] claimed by PIIX4 ACPI
[    0.167395] pci 0000:00:07.0: quirk: [io  0x4100-0x410f] claimed by PIIX4 SMB
[    0.171167] ACPI: PCI Interrupt Link [LNKA] (IRQs 5 9 10 *11)
[    0.171816] ACPI: PCI Interrupt Link [LNKB] (IRQs 5 9 *10 11)
[    0.172064] ACPI: PCI Interrupt Link [LNKC] (IRQs 5 *9 10 11)
[    0.172572] ACPI: PCI Interrupt Link [LNKD] (IRQs 5 9 10 *11)
[    0.173166] SCSI subsystem initialized
[    0.173482] pci 0000:00:02.0: vgaarb: setting as boot VGA device
[    0.173482] pci 0000:00:02.0: vgaarb: VGA device added: decodes=io+mem,owns=io+mem,locks=none
[    0.173482] pci 0000:00:02.0: vgaarb: bridge control possible
[    0.173482] vgaarb: loaded
[    0.173482] ACPI: bus type USB registered
[    0.173482] usbcore: registered new interface driver usbfs
[    0.173535] usbcore: registered new interface driver hub
[    0.173971] usbcore: registered new device driver usb
[    0.176010] EDAC MC: Ver: 3.0.0
[    0.176366] PCI: Using ACPI for IRQ routing
[    0.176477] NetLabel: Initializing
[    0.176764] NetLabel:  domain hash size = 128
[    0.177107] NetLabel:  protocols = UNLABELED CIPSOv4 CALIPSO
[    0.177542] NetLabel:  unlabeled traffic allowed by default
[    0.177975] clocksource: Switched to clocksource kvm-clock
[    0.183240] VFS: Disk quotas dquot_6.6.0
[    0.183597] VFS: Dquot-cache hash table entries: 512 (order 0, 4096 bytes)
[    0.184211] AppArmor: AppArmor Filesystem Enabled
[    0.184621] pnp: PnP ACPI init
[    0.185483] pnp: PnP ACPI: found 3 devices
[    0.191681] clocksource: acpi_pm: mask: 0xffffff max_cycles: 0xffffff, max_idle_ns: 2085701024 ns
[    0.192447] NET: Registered protocol family 2
[    0.192841] IP idents hash table entries: 16384 (order: 5, 131072 bytes)
[    0.193641] TCP established hash table entries: 8192 (order: 4, 65536 bytes)
[    0.194197] TCP bind hash table entries: 8192 (order: 5, 131072 bytes)
[    0.194713] TCP: Hash tables configured (established 8192 bind 8192)
[    0.195221] UDP hash table entries: 512 (order: 2, 16384 bytes)
[    0.195698] UDP-Lite hash table entries: 512 (order: 2, 16384 bytes)
[    0.196216] NET: Registered protocol family 1
[    0.196584] pci 0000:00:00.0: Limiting direct PCI/PCI transfers
[    0.197055] pci 0000:00:01.0: Activating ISA DMA hang workarounds
[    0.197555] pci 0000:00:02.0: Video device with shadowed ROM at [mem 0x000c0000-0x000dffff]
[    0.198263] Unpacking initramfs...
[    0.412900] Freeing initrd memory: 19532K
[    0.413340] clocksource: tsc: mask: 0xffffffffffffffff max_cycles: 0x33e456ed7d0, max_idle_ns: 440795322762 ns
[    0.414159] platform rtc_cmos: registered platform RTC device (no PNP device found)
[    0.414804] Scanning for low memory corruption every 60 seconds
[    0.415703] Initialise system trusted keyrings
[    0.416081] Key type blacklist registered
[    0.416472] workingset: timestamp_bits=36 max_order=18 bucket_order=0
[    0.417598] zbud: loaded
[    0.418181] squashfs: version 4.0 (2009/01/31) Phillip Lougher
[    0.418721] fuse init (API version 7.26)
[    0.420077] Key type asymmetric registered
[    0.420431] Asymmetric key parser 'x509' registered
[    0.420846] Block layer SCSI generic (bsg) driver version 0.4 loaded (major 246)
[    0.421480] io scheduler noop registered
[    0.421812] io scheduler deadline registered
[    0.422180] io scheduler cfq registered (default)
[    0.422717] ACPI: AC Adapter [AC] (on-line)
[    0.423097] input: Power Button as /devices/LNXSYSTM:00/LNXPWRBN:00/input/input0
[    0.423713] ACPI: Power Button [PWRF]
[    0.424086] input: Sleep Button as /devices/LNXSYSTM:00/LNXSLPBN:00/input/input1
[    0.424711] ACPI: Sleep Button [SLPF]
[    0.425178] Serial: 8250/16550 driver, 32 ports, IRQ sharing enabled
[    0.445890] 00:02: ttyS0 at I/O 0x3f8 (irq = 4, base_baud = 115200) is a 16550A
[    0.447580] Linux agpgart interface v0.103
[    0.448824] loop: module loaded
[    0.449367] scsi host0: ata_piix
[    0.449728] scsi host1: ata_piix
[    0.450020] ata1: PATA max UDMA/33 cmd 0x1f0 ctl 0x3f6 bmdma 0xd000 irq 14
[    0.450518] ata2: PATA max UDMA/33 cmd 0x170 ctl 0x376 bmdma 0xd008 irq 15
[    0.451055] tun: Universal TUN/TAP device driver, 1.6
[    0.451468] PPP generic driver version 2.4.2
[    0.451831] ehci_hcd: USB 2.0 'Enhanced' Host Controller (EHCI) Driver
[    0.452319] ehci-pci: EHCI PCI platform driver
[    0.452676] ehci-platform: EHCI generic platform driver
[    0.453073] ohci_hcd: USB 1.1 'Open' Host Controller (OHCI) Driver
[    0.453541] ohci-pci: OHCI PCI platform driver
[    0.453889] ohci-platform: OHCI generic platform driver
[    0.454294] uhci_hcd: USB Universal Host Controller Interface driver
[    0.454803] i8042: PNP: PS/2 Controller [PNP0303:PS2K,PNP0f03:PS2M] at 0x60,0x64 irq 1,12
[    0.455755] serio: i8042 KBD port at 0x60,0x64 irq 1
[    0.456156] serio: i8042 AUX port at 0x60,0x64 irq 12
[    0.456609] mousedev: PS/2 mouse device common for all mice
[    0.457266] input: AT Translated Set 2 keyboard as /devices/platform/i8042/serio0/input/input2
[    0.458030] rtc_cmos rtc_cmos: rtc core: registered rtc_cmos as rtc0
[    0.458539] rtc_cmos rtc_cmos: alarms up to one day, 114 bytes nvram
[    0.459012] i2c /dev entries driver
[    0.459315] device-mapper: uevent: version 1.0.3
[    0.459711] device-mapper: ioctl: 4.37.0-ioctl (2017-09-20) initialised: dm-devel@redhat.com
[    0.460373] ledtrig-cpu: registered to indicate activity on CPUs
[    0.461001] NET: Registered protocol family 10
[    0.463191] Segment Routing with IPv6
[    0.463517] NET: Registered protocol family 17
[    0.463876] Key type dns_resolver registered
[    0.464308] mce: Using 0 MCE banks
[    0.464595] RAS: Correctable Errors collector initialized.
[    0.465011] sched_clock: Marking stable (464289990, 0)->(545398018, -81108028)
[    0.465706] registered taskstats version 1
[    0.466037] Loading compiled-in X.509 certificates
[    0.467571] Loaded X.509 cert 'Build time autogenerated kernel key: 4d405f87ce750406625b929cd2e51cc76ab5bcf4'
[    0.468771] Loaded X.509 cert 'Canonical Ltd. Live Patch Signing: 14df34d1a87cf37625abec039ef2bf521249b969'
[    0.469937] Loaded X.509 cert 'Canonical Ltd. Kernel Module Signing: 88f752e560a1e0737e31163a466ad7b70a850c19'
[    0.470736] blacklist: Loading compiled-in revocation X.509 certificates
[    0.471253] Loaded X.509 cert 'Canonical Ltd. Secure Boot Signing: 61482aa2830d0ab2ad5af10b7250da9033ddcef0'
[    0.472011] Loaded X.509 cert 'Canonical Ltd. Secure Boot Signing (2017): 242ade75ac4a15e50d50c84b0d45ff3eae707a03'
[    0.472827] Loaded X.509 cert 'Canonical Ltd. Secure Boot Signing (ESM 2018): 365188c1d374d6b07c3c8f240f8ef722433d6a8b'
[    0.473657] Loaded X.509 cert 'Canonical Ltd. Secure Boot Signing (2019): c0746fd6c5da3ae827864651ad66ae47fe24b3e8'
[    0.474442] Loaded X.509 cert 'Canonical Ltd. Secure Boot Signing (2021 v1): a8d54bbb3825cfb94fa13c9f8a594a195c107b8d'
[    0.475242] Loaded X.509 cert 'Canonical Ltd. Secure Boot Signing (2021 v2): 4cf046892d6fd3c9a5b03f98d845f90851dc6a8c'
[    0.476048] Loaded X.509 cert 'Canonical Ltd. Secure Boot Signing (2021 v3): 100437bb6de6e469b581e61cd66bce3ef4ed53af'
[    0.476865] Loaded X.509 cert 'Canonical Ltd. Secure Boot Signing (Ubuntu Core 2019): c1d57b8f6b743f23ee41f4f7ee292f06eecadfb9'
[    0.477719] zswap: loaded using pool lzo/zbud
[    0.479641] Key type big_key registered
[    0.479964] Key type trusted registered
[    0.481047] Key type encrypted registered
[    0.481386] AppArmor: AppArmor sha1 policy hashing enabled
[    0.481811] ima: No TPM chip found, activating TPM-bypass! (rc=-19)
[    0.482285] ima: Allocated hash algorithm: sha1
[    0.482665] evm: HMAC attrs: 0x1
[    0.483043]   Magic number: 15:852:88
[    0.483406] rtc_cmos rtc_cmos: setting system clock to 2023-03-06 18:05:16 UTC (1678125916)
[    0.484119] BIOS EDD facility v0.16 2004-Jun-25, 0 devices found
[    0.484591] EDD information not available.
[    0.631585] Freeing unused kernel image memory: 2480K
[    0.644009] Write protecting the kernel read-only data: 20480k
[    0.644828] Freeing unused kernel image memory: 2008K
[    0.645409] Freeing unused kernel image memory: 1820K
[    0.652178] x86/mm: Checked W+X mappings: passed, no W+X pages found.
Loading, please wait...
starting version 237
[    0.685578] e1000: Intel(R) PRO/1000 Network Driver - version 7.3.21-k8-NAPI
[    0.686135] e1000: Copyright (c) 1999-2006 Intel Corporation.
[    0.689308] Fusion MPT base driver 3.04.20
[    0.689660] Copyright (c) 1999-2008 LSI Corporation
[    0.697633] Fusion MPT SPI Host driver 3.04.20
[    0.701530] AVX2 version of gcm_enc/dec engaged.
[    0.701918] AES CTR mode by8 optimization enabled
[    0.896864] input: ImExPS/2 Generic Explorer Mouse as /devices/platform/i8042/serio1/input/input4
[    1.014324] e1000 0000:00:03.0 eth0: (PCI:33MHz:32-bit) 02:df:c2:d4:51:e3
[    1.014871] e1000 0000:00:03.0 eth0: Intel(R) PRO/1000 Network Connection
[    1.015969] mptbase: ioc0: Initiating bringup
[    1.663796] ioc0: LSI53C1030 A0: Capabilities={Initiator}
[    4.123562] scsi host2: ioc0: LSI53C1030 A0, FwRev=00000000h, Ports=1, MaxQ=256, IRQ=20
[    4.292755] scsi 2:0:0:0: Direct-Access     VBOX     HARDDISK         1.0  PQ: 0 ANSI: 5
[    4.328009] scsi target2:0:0: Beginning Domain Validation
[    4.328703] scsi target2:0:0: Domain Validation skipping write tests
[    4.329153] scsi target2:0:0: Ending Domain Validation
[    4.329541] scsi target2:0:0: asynchronous
[    4.330038] scsi 2:0:1:0: Direct-Access     VBOX     HARDDISK         1.0  PQ: 0 ANSI: 5
[    4.584008] scsi target2:0:1: Beginning Domain Validation
[    4.584895] scsi target2:0:1: Domain Validation skipping write tests
[    4.585357] scsi target2:0:1: Ending Domain Validation
[    4.585755] scsi target2:0:1: asynchronous
[    4.587598] sd 2:0:0:0: Attached scsi generic sg0 type 0
[    4.588011] sd 2:0:0:0: [sda] 83886080 512-byte logical blocks: (42.9 GB/40.0 GiB)
[    4.588091] sd 2:0:1:0: Attached scsi generic sg1 type 0
[    4.589131] sd 2:0:0:0: [sda] Write Protect is off
[    4.589179] sd 2:0:1:0: [sdb] 20480 512-byte logical blocks: (10.5 MB/10.0 MiB)
[    4.590088] sd 2:0:1:0: [sdb] Write Protect is off
[    4.590468] sd 2:0:0:0: [sda] Incomplete mode parameter data
[    4.590495] sd 2:0:1:0: [sdb] Incomplete mode parameter data
[    4.590905] sd 2:0:0:0: [sda] Assuming drive cache: write through
[    4.591313] sd 2:0:1:0: [sdb] Assuming drive cache: write through
[    4.601082]  sda: sda1
[    4.601553] sd 2:0:0:0: [sda] Attached SCSI disk
[    4.602786] sd 2:0:1:0: [sdb] Attached SCSI disk
[    4.622505] e1000 0000:00:08.0 eth1: (PCI:33MHz:32-bit) 08:00:27:da:18:ea
[    4.622999] e1000 0000:00:08.0 eth1: Intel(R) PRO/1000 Network Connection
[    4.623919] e1000 0000:00:03.0 enp0s3: renamed from eth0
[    4.636117] e1000 0000:00:08.0 enp0s8: renamed from eth1
Begin: Loading essential drivers ... [    5.980016] raid6: sse2x1   gen()  7623 MB/s
[    6.028044] raid6: sse2x1   xor()  7558 MB/s
[    6.076025] raid6: sse2x2   gen() 15563 MB/s
[    6.124052] raid6: sse2x2   xor() 10199 MB/s
[    6.172024] raid6: sse2x4   gen() 16396 MB/s
[    6.220062] raid6: sse2x4   xor()  9410 MB/s
[    6.268031] raid6: avx2x1   gen() 17917 MB/s
[    6.316070] raid6: avx2x1   xor() 14423 MB/s
[    6.364036] raid6: avx2x2   gen() 31652 MB/s
[    6.412011] raid6: avx2x2   xor() 19180 MB/s
[    6.460047] raid6: avx2x4   gen() 32958 MB/s
[    6.508018] raid6: avx2x4   xor() 17260 MB/s
[    6.508392] raid6: using algorithm avx2x4 gen() 32958 MB/s
[    6.508826] raid6: .... xor() 17260 MB/s, rmw enabled
[    6.509231] raid6: using avx2x2 recovery algorithm
[    6.510263] xor: automatically using best checksumming function   avx       
[    6.511386] async_tx: api initialized (async)
done.
Begin: Running /scripts/init-premount ... done.
Begin: Mounting root file system ... Begin: Running /scripts/local-top ... done.
Begin: Running /scripts/local-premount ... [    6.539855] Btrfs loaded, crc32c=crc32c-intel
Scanning for Btrfs filesystems
done.
Warning: fsck not present, so skipping root file system
[    6.560207] EXT4-fs (sda1): mounted filesystem with ordered data mode. Opts: (null)
done.
Begin: Running /scripts/local-bottom ... done.
Begin: Running /scripts/init-bottom ... done.
[    6.698387] ip_tables: (C) 2000-2006 Netfilter Core Team
[    6.706112] systemd[1]: systemd 237 running in system mode. (+PAM +AUDIT +SELINUX +IMA +APPARMOR +SMACK +SYSVINIT +UTMP +LIBCRYPTSETUP +GCRYPT +GNUTLS +ACL +XZ +LZ4 +SECCOMP +BLKID +ELFUTILS +KMOD -IDN2 +IDN -PCRE2 default-hierarchy=hybrid)
[    6.707639] systemd[1]: Detected virtualization oracle.
[    6.708035] systemd[1]: Detected architecture x86-64.

Welcome to [1mUbuntu 18.04.6 LTS[0m!

[    6.711278] systemd[1]: Set hostname to <ubuntu>.
[    6.713197] systemd[1]: Initializing machine ID from random generator.
[    6.713696] systemd[1]: Installed transient /etc/machine-id file.
[    6.891277] systemd[1]: Set up automount Arbitrary Executable File Formats File System Automount Point.
[[0;32m  OK  [0m] Set up automount Arbitrary Executabâ€¦rmats File System Automount Point.
[    6.892987] systemd[1]: Created slice System Slice.
[[0;32m  OK  [0m] Created slice System Slice.
[    6.893652] systemd[1]: Listening on fsck to fsckd communication Socket.
[[0;32m  OK  [0m] Listening on fsck to fsckd communication Socket.
[    6.894512] systemd[1]: Listening on Journal Socket.
[[0;32m  OK  [0m] Listening on Journal Socket.
[[0;32m  OK  [0m] Listening on Network Service Netlink Socket.
[[0;32m  OK  [0m] Listening on Device-mapper event daemon FIFOs.
         Mounting POSIX Message Queue File System...
[[0;32m  OK  [0m] Listening on Journal Socket (/dev/log).
[[0;32m  OK  [0m] Listening on /dev/initctl Compatibility Named Pipe.
         Starting File System Check on Root Device...
[[0;32m  OK  [0m] Reached target Mounting snaps.
         Mounting Huge Pages File System...
[[0;32m  OK  [0m] Started Forward Password Requests to Wall Directory Watch.
[[0;32m  OK  [0m] Created slice system-serial\x2dgetty.slice.
[[0;32m  OK  [0m] Listening on Syslog Socket.
[[0;32m  OK  [0m] Reached target Swap.
         Starting Create list of required stâ€¦ce nodes for the current kernel...
[[0;32m  OK  [0m] Listening on LVM2 poll daemon socket.
[[0;32m  OK  [0m] Created slice User and Session Slice.
[[0;32m  OK  [0m] Reached target Mounted snaps.
[[0;32m  OK  [0m] Reached target System Time Synchronized.
         Starting Uncomplicated firewall...
         Mounting Kernel Debug File System...
         Starting Set the console keyboard layout...
[[0;32m  OK  [0m] Reached target User and Group Name Lookups.
         Starting Load Kernel Modules...
[[0;32m  OK  [0m] Listening on Journal Audit Socket.
         Starting Journal Service...
[[0;32m  OK  [0m] Listening on udev Kernel Socket.
[[0;32m  OK  [0m] Listening on LVM2 metadata daemon socket.
         Starting Monitoring of LVM2 mirrorsâ€¦ng dmeventd or progress polling...
[[0;32m  OK  [0m] Reached target Slices.
[[0;32m  OK  [0m] Listening on udev Control Socket.
         Starting udev Coldplug all Devices...
[[0;32m  OK  [0m] Mounted POSIX Message Queue File System.
[[0;32m  OK  [0m] Mounted Huge Pages File System.
[[0;32m  OK  [0m] Mounted Kernel Debug File System.
[[0;32m  OK  [0m] Started File System Check Daemon to report status.
[[0;32m  OK  [0m] Started Create list of required staâ€¦vice nodes for the current kernel.
         Starting Create Static Device Nodes in /dev...
[[0;32m  OK  [0m] Started Uncomplicated firewall.
[    6.936293] Loading iSCSI transport class v2.0-870.
[    6.940512] iscsi: registered transport (tcp)
[[0;32m  OK  [0m] Started Journal Service.
[[0;32m  OK  [0m] Started udev Coldplug all Devices.
[[0;32m  OK  [0m] Started File System Check on Root Device.
         Starting Remount Root and Kernel File Systems...
[[0;32m  OK  [0m] Started Create Static Device Nodes in /dev.
[[0;32m  OK  [0m] Started LVM2 metadata daemon.
[    7.037775] iscsi: registered transport (iser)
[[0;32m  OK  [0m] Started Load Kernel Modules.
         Mounting Kernel Configuration File System...
         Mounting FUSE Control File System...
         Starting Apply Kernel Variables...
[[0;32m  OK  [0m] Mounted FUSE Control File System.
[[0;32m  OK  [0m] Mounted Kernel Configuration File System.
[[0;32m  OK  [0m] Started Remount Root and Kernel File Systems.
         Starting udev Kernel Device Manager...
         Starting Flush Journal to Persistent Storage...
         Starting Load/Save Random Seed...
[[0;32m  OK  [0m] Started Monitoring of LVM2 mirrors,â€¦sing dmeventd or progress polling.
[[0;32m  OK  [0m] Started Apply Kernel Variables.
[[0;32m  OK  [0m] Started Load/Save Random Seed.
[[0;32m  OK  [0m] Started udev Kernel Device Manager.
[[0;32m  OK  [0m] Started Flush Journal to Persistent Storage.
[[0;32m  OK  [0m] Found device /dev/ttyS0.
[[0;32m  OK  [0m] Listening on Load/Save RF Kill Switch Status /dev/rfkill Watch.
         Mounting Arbitrary Executable File Formats File System...
[[0;32m  OK  [0m] Mounted Arbitrary Executable File Formats File System.
[[0;32m  OK  [0m] Started Set the console keyboard layout.
[[0;32m  OK  [0m] Reached target Local File Systems (Pre).
[[0;32m  OK  [0m] Reached target Local File Systems.
         Starting Set console font and keymap...
         Starting Commit a transient machine-id on disk...
         Starting AppArmor initialization...
         Starting Tell Plymouth To Write Out Runtime Data...
         Starting Create Volatile Files and Directories...
         Starting ebtables ruleset management...
[[0;32m  OK  [0m] Started Dispatch Password Requests to Console Directory Watch.
[[0;32m  OK  [0m] Reached target Local Encrypted Volumes.
[[0;32m  OK  [0m] Started Set console font and keymap.
[[0;32m  OK  [0m] Started Tell Plymouth To Write Out Runtime Data.
[[0;32m  OK  [0m] Started Create Volatile Files and Directories.
         Starting Update UTMP about System Boot/Shutdown...
[[0;32m  OK  [0m] Started Commit a transient machine-id on disk.
[[0;32m  OK  [0m] Started Update UTMP about System Boot/Shutdown.
[[0;32m  OK  [0m] Started ebtables ruleset management.
[[0;32m  OK  [0m] Started AppArmor initialization.
         Starting Initial cloud-init job (pre-networking)...
         Starting Load AppArmor profiles managed internally by snapd...
[[0;32m  OK  [0m] Started Load AppArmor profiles managed internally by snapd.
[    8.911342] cloud-init[596]: Cloud-init v. 22.4.2-0ubuntu0~18.04.1 running 'init-local' at Mon, 06 Mar 2023 18:05:24 +0000. Up 8.69 seconds.
[[0;32m  OK  [0m] Started Initial cloud-init job (pre-networking).
[[0;32m  OK  [0m] Reached target Network (Pre).
         Starting Network Service...
[[0;32m  OK  [0m] Started Network Service.
         Starting Wait for Network to be Configured...
         Starting Network Name Resolution...
[[0;32m  OK  [0m] Started Network Name Resolution.
[[0;32m  OK  [0m] Reached target Network.
[[0;32m  OK  [0m] Reached target Host and Network Name Lookups.
[[0;32m  OK  [0m] Started Wait for Network to be Configured.
         Starting Initial cloud-init job (metadata service crawler)...
[   10.536220] cloud-init[735]: Cloud-init v. 22.4.2-0ubuntu0~18.04.1 running 'init' at Mon, 06 Mar 2023 18:05:26 +0000. Up 10.44 seconds.
[   10.537113] cloud-init[735]: ci-info: ++++++++++++++++++++++++++++++++++++++Net device info+++++++++++++++++++++++++++++++++++++++
[   10.538002] cloud-init[735]: ci-info: +--------+-------+----------------------------+---------------+--------+-------------------+
[   10.538798] cloud-init[735]: ci-info: | Device |   Up  |          Address           |      Mask     | Scope  |     Hw-Address    |
[   10.539622] cloud-init[735]: ci-info: +--------+-------+----------------------------+---------------+--------+-------------------+
[   10.540469] cloud-init[735]: ci-info: | enp0s3 |  True |         10.0.2.15          | 255.255.255.0 | global | 02:df:c2:d4:51:e3 |
[   10.541262] cloud-init[735]: ci-info: | enp0s3 |  True | fe80::df:c2ff:fed4:51e3/64 |       .       |  link  | 02:df:c2:d4:51:e3 |
[   10.542039] cloud-init[735]: ci-info: | enp0s8 | False |             .              |       .       |   .    | 08:00:27:da:18:ea |
[   10.542837] cloud-init[735]: ci-info: |   lo   |  True |         127.0.0.1          |   255.0.0.0   |  host  |         .         |
[   10.543675] cloud-init[735]: ci-info: |   lo   |  True |          ::1/128           |       .       |  host  |         .         |
[   10.544537] cloud-init[735]: ci-info: +--------+-------+----------------------------+---------------+--------+-------------------+
[   10.545322] cloud-init[735]: ci-info: ++++++++++++++++++++++++++++Route IPv4 info+++++++++++++++++++++++++++++
[   10.546036] cloud-init[735]: ci-info: +-------+-------------+----------+-----------------+-----------+-------+
[   10.546797] cloud-init[735]: ci-info: | Route | Destination | Gateway  |     Genmask     | Interface | Flags |
[   10.547476] cloud-init[735]: ci-info: +-------+-------------+----------+-----------------+-----------+-------+
[   10.548047] cloud-init[735]: ci-info: |   0   |   0.0.0.0   | 10.0.2.2 |     0.0.0.0     |   enp0s3  |   UG  |
[   10.548759] cloud-init[735]: ci-info: |   1   |   10.0.2.0  | 0.0.0.0  |  255.255.255.0  |   enp0s3  |   U   |
[   10.549532] cloud-init[735]: ci-info: |   2   |   10.0.2.2  | 0.0.0.0  | 255.255.255.255 |   enp0s3  |   UH  |
[   10.550283] cloud-init[735]: ci-info: +-------+-------------+----------+-----------------+-----------+-------+
[   10.551011] cloud-init[735]: ci-info: +++++++++++++++++++Route IPv6 info+++++++++++++++++++
[   10.551677] cloud-init[735]: ci-info: +-------+-------------+---------+-----------+-------+
[   10.552333] cloud-init[735]: ci-info: | Route | Destination | Gateway | Interface | Flags |
[   10.552984] cloud-init[735]: ci-info: +-------+-------------+---------+-----------+-------+
[   10.553630] cloud-init[735]: ci-info: |   1   |  fe80::/64  |    ::   |   enp0s3  |   U   |
[   10.554291] cloud-init[735]: ci-info: |   3   |    local    |    ::   |   enp0s3  |   U   |
[   10.554845] cloud-init[735]: ci-info: |   4   |   ff00::/8  |    ::   |   enp0s3  |   U   |
[   10.555530] cloud-init[735]: ci-info: +-------+-------------+---------+-----------+-------+
[   11.344664] cloud-init[735]: Generating public/private rsa key pair.
[   11.345291] cloud-init[735]: Your identification has been saved in /etc/ssh/ssh_host_rsa_key.
[   11.345972] cloud-init[735]: Your public key has been saved in /etc/ssh/ssh_host_rsa_key.pub.
[   11.346647] cloud-init[735]: The key fingerprint is:
[   11.347114] cloud-init[735]: SHA256:RXdtM0aYVddK7SZ4uiwT6gh21jtoK6ySOHmO02qisDU root@ubuntu-bionic
[   11.347765] cloud-init[735]: The key's randomart image is:
[   11.348257] cloud-init[735]: +---[RSA 2048]----+
[   11.348680] cloud-init[735]: |          . . *==|
[   11.349093] cloud-init[735]: |         . . +.+*|
[   11.349517] cloud-init[735]: |          .  o.+o|
[   11.349920] cloud-init[735]: |         .  . + o|
[   11.350337] cloud-init[735]: |        S    o o |
[   11.350785] cloud-init[735]: |       .  . .    |
[   11.351189] cloud-init[735]: |o+E.o o... o .   |
[   11.351602] cloud-init[735]: |X=ooo+o.o.o o    |
[   11.352040] cloud-init[735]: |OBo. oooo. o     |
[   11.352457] cloud-init[735]: +----[SHA256]-----+
[   11.352873] cloud-init[735]: Generating public/private dsa key pair.
[   11.353368] cloud-init[735]: Your identification has been saved in /etc/ssh/ssh_host_dsa_key.
[   11.353962] cloud-init[735]: Your public key has been saved in /etc/ssh/ssh_host_dsa_key.pub.
[   11.354562] cloud-init[735]: The key fingerprint is:
[   11.355004] cloud-init[735]: SHA256:Ney5ttVjrGOjnxegDZFba26O3gPmmpFAlFOA5s9dtCM root@ubuntu-bionic
[   11.355657] cloud-init[735]: The key's randomart image is:
[   11.356158] cloud-init[735]: +---[DSA 1024]----+
[   11.356586] cloud-init[735]: |     .o+.  .     |
[   11.357014] cloud-init[735]: |    o.o  .+ .    |
[   11.357459] cloud-init[735]: |   o  .. .+= .   |
[   11.357870] cloud-init[735]: |    ..  Eo*o+    |
[   11.358273] cloud-init[735]: |     o..SooB .   |
[   11.358697] cloud-init[735]: |      o...+.+o.  |
[   11.359113] cloud-init[735]: |        ooo=. =. |
[   11.359529] cloud-init[735]: |         +o+*+.. |
[   11.359940] cloud-init[735]: |        oo++==   |
[   11.360385] cloud-init[735]: +----[SHA256]-----+
[   11.360784] cloud-init[735]: Generating public/private ecdsa key pair.
[   11.361288] cloud-init[735]: Your identification has been saved in /etc/ssh/ssh_host_ecdsa_key.
[   11.361909] cloud-init[735]: Your public key has been saved in /etc/ssh/ssh_host_ecdsa_key.pub.
[   11.362576] cloud-init[735]: The key fingerprint is:
[   11.363018] cloud-init[735]: SHA256:9hATKGjY+fkQlSwUwFzZo6bjpDHH34I+1mY6cAqhyGk root@ubuntu-bionic
[   11.363666] cloud-init[735]: The key's randomart image is:
[   11.364163] cloud-init[735]: +---[ECDSA 256]---+
[   11.364594] cloud-init[735]: | =.*+*.o.        |
[   11.365007] cloud-init[735]: |. B = *  .       |
[   11.365426] cloud-init[735]: | . . * .o        |
[   11.365834] cloud-init[735]: |.   *    o       |
[   11.366262] cloud-init[735]: |+o.o o  S        |
[   11.366694] cloud-init[735]: |BEB   .. o       |
[   11.367122] cloud-init[735]: |o@ = .    .      |
[   11.367555] cloud-init[735]: |o * * .          |
[   11.367999] cloud-init[735]: | oo* .           |
[   11.368489] cloud-init[735]: +----[SHA256]-----+
[   11.368931] cloud-init[735]: Generating public/private ed25519 key pair.
[   11.369477] cloud-init[735]: Your identification has been saved in /etc/ssh/ssh_host_ed25519_key.
[   11.370133] cloud-init[735]: Your public key has been saved in /etc/ssh/ssh_host_ed25519_key.pub.
[   11.370811] cloud-init[735]: The key fingerprint is:
[   11.371255] cloud-init[735]: SHA256:1rzCm00c4lnvRiIteS64p5djSW6TgbTxO8MN7KaEfgQ root@ubuntu-bionic
[   11.371799] cloud-init[735]: The key's randomart image is:
[   11.372195] cloud-init[735]: +--[ED25519 256]--+
[   11.372528] cloud-init[735]: |                 |
[   11.372859] cloud-init[735]: |                 |
[   11.373176] cloud-init[735]: |                 |
[   11.373530] cloud-init[735]: |    E o  o       |
[   11.373861] cloud-init[735]: |     o *So=      |
[   11.374187] cloud-init[735]: |     .++X=++.    |
[   11.374543] cloud-init[735]: |    ...*=&+o.    |
[   11.374929] cloud-init[735]: |   . .o ^*o..    |
[   11.375336] cloud-init[735]: |    ..+Xo*...    |
[   11.375722] cloud-init[735]: +----[SHA256]-----+
[[0;32m  OK  [0m] Started Initial cloud-init job (metadata service crawler).
[[0;32m  OK  [0m] Reached target Cloud-config availability.
[[0;32m  OK  [0m] Reached target Network is Online.
         Starting Availability of block devices...
[[0;32m  OK  [0m] Reached target Remote File Systems (Pre).
[[0;32m  OK  [0m] Reached target Remote File Systems.
[[0;32m  OK  [0m] Reached target System Initialization.
[[0;32m  OK  [0m] Started ACPI Events Check.
         Starting LXD - unix socket.
[[0;32m  OK  [0m] Started Ubuntu Advantage Timer for running repeated jobs.
[[0;32m  OK  [0m] Listening on D-Bus System Message Bus Socket.
[[0;32m  OK  [0m] Reached target Paths.
[[0;32m  OK  [0m] Started Discard unused blocks once a week.
[[0;32m  OK  [0m] Listening on cloud-init hotplug hook socket.
[[0;32m  OK  [0m] Started Daily Cleanup of Temporary Directories.
[[0;32m  OK  [0m] Started Daily apt download activities.
[[0;32m  OK  [0m] Started Message of the Day.
[[0;32m  OK  [0m] Listening on Open-iSCSI iscsid Socket.
         Starting Socket activation for snappy daemon.
[[0;32m  OK  [0m] Listening on ACPID Listen Socket.
[[0;32m  OK  [0m] Started Daily apt upgrade and clean activities.
[[0;32m  OK  [0m] Listening on UUID daemon activation socket.
[[0;32m  OK  [0m] Reached target Timers.
[[0;32m  OK  [0m] Listening on LXD - unix socket.
[[0;32m  OK  [0m] Listening on Socket activation for snappy daemon.
[[0;32m  OK  [0m] Reached target Sockets.
[[0;32m  OK  [0m] Reached target Basic System.
[[0;32m  OK  [0m] Reached target Login Prompts (Pre).
         Starting System Logging Service...
[[0;32m  OK  [0m] Started Deferred execution scheduler.
         Starting LSB: automatic crash report generation...
         Starting Accounts Service...
[[0;32m  OK  [0m] Started Regular background program processing daemon.
         Starting Permit User Sessions...
[[0;32m  OK  [0m] Started irqbalance daemon.
[[0;32m  OK  [0m] Started FUSE filesystem for LXC.
         Starting Login Service...
[[0;32m  OK  [0m] Started D-Bus System Message Bus.
         Starting Virtualbox guest utils...
         Starting Pollinate to seed the pseudo random number generator...
         Starting Dispatcher daemon for systemd-networkd...
         Starting Snap Daemon...
         Starting LSB: Record successful boot for GRUB...
         Starting LXD - container startup/shutdown...
[[0;32m  OK  [0m] Started System Logging Service.
[[0;32m  OK  [0m] Started Availability of block devices.
[[0;32m  OK  [0m] Started Permit User Sessions.
         Starting Hold until boot process finishes up...
         Starting Terminate Plymouth Boot Screen...
[[0;32m  OK  [0m] Started Hold until boot process finishes up.
         Starting Set console scheme...
[[0;32m  OK  [0m] Started Serial Getty on ttyS0.
[[0;32m  OK  [0m] Started Login Service.
[[0;32m  OK  [0m] Started Unattended Upgrades Shutdown.
[[0;32m  OK  [0m] Started Terminate Plymouth Boot Screen.
[[0;32m  OK  [0m] Started Set console scheme.
[[0;32m  OK  [0m] Created slice system-getty.slice.
[[0;32m  OK  [0m] Started Getty on tty1.
[[0;32m  OK  [0m] Reached target Login Prompts.
         Starting Authorization Manager...
[[0;32m  OK  [0m] Started LSB: automatic crash report generation.
[[0;32m  OK  [0m] Started Authorization Manager.
[[0;32m  OK  [0m] Started Accounts Service.
[[0;32m  OK  [0m] Started LSB: Record successful boot for GRUB.
[[0;32m  OK  [0m] Started Virtualbox guest utils.
[[0;32m  OK  [0m] Started LXD - container startup/shutdown.
[[0;32m  OK  [0m] Started Dispatcher daemon for systemd-networkd.
[[0;32m  OK  [0m] Started Snap Daemon.
         Starting Wait until snapd is fully seeded...
         Starting Time & Date Service...
[[0;32m  OK  [0m] Started Time & Date Service.
[[0;32m  OK  [0m] Started Wait until snapd is fully seeded.
         Starting Apply the settings specified in cloud-config...
[   13.478601] cloud-init[1283]: Cloud-init v. 22.4.2-0ubuntu0~18.04.1 running 'modules:config' at Mon, 06 Mar 2023 18:05:29 +0000. Up 13.24 seconds.
[[0;32m  OK  [0m] Started Apply the settings specified in cloud-config.

Ubuntu 18.04.6 LTS ubuntu-bionic ttyS0

ubuntu-bionic login: ci-info: no authorized SSH keys fingerprints found for user ubuntu.
<14>Mar  6 18:05:38 cloud-init: #############################################################
<14>Mar  6 18:05:38 cloud-init: -----BEGIN SSH HOST KEY FINGERPRINTS-----
<14>Mar  6 18:05:38 cloud-init: 1024 SHA256:Ney5ttVjrGOjnxegDZFba26O3gPmmpFAlFOA5s9dtCM root@ubuntu-bionic (DSA)
<14>Mar  6 18:05:38 cloud-init: 256 SHA256:9hATKGjY+fkQlSwUwFzZo6bjpDHH34I+1mY6cAqhyGk root@ubuntu-bionic (ECDSA)
<14>Mar  6 18:05:38 cloud-init: 256 SHA256:1rzCm00c4lnvRiIteS64p5djSW6TgbTxO8MN7KaEfgQ root@ubuntu-bionic (ED25519)
<14>Mar  6 18:05:38 cloud-init: 2048 SHA256:RXdtM0aYVddK7SZ4uiwT6gh21jtoK6ySOHmO02qisDU root@ubuntu-bionic (RSA)
<14>Mar  6 18:05:38 cloud-init: -----END SSH HOST KEY FINGERPRINTS-----
<14>Mar  6 18:05:38 cloud-init: #############################################################
-----BEGIN SSH HOST KEY KEYS-----
ecdsa-sha2-nistp256 AAAAE2VjZHNhLXNoYTItbmlzdHAyNTYAAAAIbmlzdHAyNTYAAABBBFks7sOPmOFxBTbuXJAh7iA/jIecaJbJL0eBjJhJ3rDW0l+Z9a0wYHoSTcx1DuHI59123y7u5+8z1UxW680cCtk= root@ubuntu-bionic
ssh-ed25519 AAAAC3NzaC1lZDI1NTE5AAAAIEqhk/7cbll/BcjBhnsouvX2PJajpsqCJ4EZXDvj024a root@ubuntu-bionic
ssh-rsa AAAAB3NzaC1yc2EAAAADAQABAAABAQC4LiMEVdIBDD+EDyYXv6BkCx1RjynuhlzlOtnzdKTgV7dOvjrgRrIn3RUHQoVDZ+NrC8qExtSuwolUntxxuSdJIl1nCL6UWbAnSGlGoSkuBsAYWZnaWCsi2rs4PSRwjMOL96fFXanUWOpC+iATEoUsqAheYrmPD29ds02cFUViyebC8Arc3QG6/xy4iZKpFXXOE5ZAEuNjbambxBrNAxBsuK9c606myUkC/mVzogOm/Dpk5JUfjDPZMXgHLRp/z9ygiGmMW1ZisqER+icyVV2cneO3F/ExR1L4dk2o6aAa4zfXBVRFnN8p/k+gFLE4hayj+zYvbIcOTXQi6Wx5XD/p root@ubuntu-bionic
-----END SSH HOST KEY KEYS-----
[   22.578692] cloud-init[1377]: Cloud-init v. 22.4.2-0ubuntu0~18.04.1 running 'modules:final' at Mon, 06 Mar 2023 18:05:38 +0000. Up 22.42 seconds.
[   22.578756] cloud-init[1377]: Cloud-init v. 22.4.2-0ubuntu0~18.04.1 finished at Mon, 06 Mar 2023 18:05:38 +0000. Datasource DataSourceNoCloud [seed=/dev/sdb][dsmode=net].  Up 22.57 seconds
